// Vitest Snapshot v1, https://vitest.dev/guide/snapshot.html

exports[`tests work > yes 1`] = `
<div>
  Hello world
</div>
`;
